<html>
<body>
<pre>
<h1>µVision Build Log</h1>
<h2>Project:</h2>
D:\ARM_Projects\Application\Blink\Blink_LED.uvproj
Project File Date:  12/27/2023

<h2>Output:</h2>
Build target 'Target 1'
linking...
Program Size: Code=12560 RO-data=808 RW-data=40 ZI-data=656  
".\Blink_LED.axf" - 0 Error(s), 0 Warning(s).
</pre>
</body>
</html>
PTM.c...
..\..\MCAL\GPTM\GPTM.c(41): warning:  #1134-D: literal treated as "long long"
        else if((max_ticks <= 4294967295) && (concate != NULL) )
..\..\MCAL\GPTM\GPTM.c(48): warning:  #1134-D: literal treated as "long long"
                ( (max_ticks <= 4294967295)?  (BitConfigType = TIMER_32) : (BitConfigType = TIMER_64) );
..\..\MCAL\GPTM\GPTM.c(85): warning:  #111-D: statement is unreachable
                        GPTMCFG(timermodule) &= GPTMCFG_TIMER_MASK; 
..\..\MCAL\GPTM\GPTM.c(97): warning:  #111-D: statement is unreachable
                                GPTMTAMR(timermodule) &= GPTMTnMR_TIMER_MASK;   
..\..\MCAL\GPTM\GPTM.c(164): warning:  #111-D: statement is unreachable
                                GPTMTBMR(timermodule) &= GPTMTnMR_TIMER_MASK;   
..\..\MCAL\GPTM\GPTM.c(242): warning:  #111-D: statement is unreachable
                        GPTMCFG(timermodule) &= GPTMCFG_TIMER_MASK; 
..\..\MCAL\GPTM\GPTM.c(254): warning:  #111-D: statement is unreachable
                                GPTMTAMR(timermodule) &= GPTMTnMR_TIMER_MASK;   
..\..\MCAL\GPTM\GPTM.c(319): warning:  #111-D: statement is unreachable
                                GPTMTBMR(timermodule) &= GPTMTnMR_TIMER_MASK;   
..\..\MCAL\GPTM\GPTM.c(30): warning:  #177-D: variable "frequency" was declared but never referenced
         uint8_t                                                   frequency            =   ConfigPtr[idx].Gpt_ChannelTickFrequency;
..\..\MCAL\GPTM\GPTM.c(462): warning:  #1134-D: literal treated as "long long"
            prescale = (ceil((16000000*Value)/MAX_TICKS_32bit)) - 1; value = MAX_TICKS_32bit;
..\..\MCAL\GPTM\GPTM.c(462): warning:  #1134-D: literal treated as "long long"
            prescale = (ceil((16000000*Value)/MAX_TICKS_32bit)) - 1; value = MAX_TICKS_32bit;
..\..\MCAL\GPTM\GPTM.c(464): warning:  #1134-D: literal treated as "long long"
                else {prescale = 0;  value = ceil((Value * MAX_TICKS_32bit )/(MAX_DELAY_32bit));}
..\..\MCAL\GPTM\GPTM.c: 12 warnings, 0 errors
compiling INTCtrl.c...
..\..\MCAL\INT_CTRL\INTCtrl.c(117): warning:  #177-D: function "IntCtrl_DisableInterrupt" was declared but never referenced
  static void IntCtrl_DisableInterrupt(IntCtrl_InterruptType Int_Num)
..\..\MCAL\INT_CTRL\INTCtrl.c: 1 warning, 0 errors
compiling MCU.c...
..\..\MCAL\MCU\MCU.c(8): warning:  #177-D: variable "reload_value" was declared but never referenced
  static STR_RELOAD_TYPE reload_value = 0;
..\..\MCAL\MCU\MCU.c: 1 warning, 0 errors
linking...
Program Size: Code=12560 RO-data=808 RW-data=40 ZI-data=656  
".\Blink_LED.axf" - 0 Error(s), 14 Warning(s).
oad_value = 0;
..\..\MCAL\MCU\MCU.c: 1 warning, 0 errors
linking...
Program Size: Code=12436 RO-data=808 RW-data=40 ZI-data=656  
".\Blink_LED.axf" - 0 Error(s), 15 Warning(s).

".\Blink_LED.axf" - 2 Error(s), 14 Warning(s).
Target not created
